c:\users\administrator\desktop\kernela\kernela\x64\release\vc145.pdb
c:\users\administrator\desktop\kernela\kernela\x64\release\process.obj
c:\users\administrator\desktop\kernela\kernela\x64\release\mouse.obj
c:\users\administrator\desktop\kernela\kernela\x64\release\module.obj
c:\users\administrator\desktop\kernela\kernela\x64\release\main.obj
c:\users\administrator\desktop\kernela\kernela\x64\release\ioctl.obj
c:\users\administrator\desktop\kernela\kernela\x64\release\spoof.obj
c:\users\administrator\desktop\kernela\x64\release\kernela.sys
c:\users\administrator\desktop\kernela\x64\release\kernela.cer
c:\users\administrator\desktop\kernela\x64\release\kernela.pdb
c:\users\administrator\desktop\kernela\kernela\x64\release\kernela.tlog\cl.command.1.tlog
c:\users\administrator\desktop\kernela\kernela\x64\release\kernela.tlog\cl.items.tlog
c:\users\administrator\desktop\kernela\kernela\x64\release\kernela.tlog\cl.read.1.tlog
c:\users\administrator\desktop\kernela\kernela\x64\release\kernela.tlog\cl.write.1.tlog
c:\users\administrator\desktop\kernela\kernela\x64\release\kernela.tlog\link.command.1.tlog
c:\users\administrator\desktop\kernela\kernela\x64\release\kernela.tlog\link.read.1.tlog
c:\users\administrator\desktop\kernela\kernela\x64\release\kernela.tlog\link.read.2.tlog
c:\users\administrator\desktop\kernela\kernela\x64\release\kernela.tlog\link.secondary.1.tlog
c:\users\administrator\desktop\kernela\kernela\x64\release\kernela.tlog\link.write.1.tlog
c:\users\administrator\desktop\kernela\kernela\x64\release\kernela.tlog\masm.read.1u.tlog
c:\users\administrator\desktop\kernela\kernela\x64\release\kernela.tlog\masm.write.1u.tlog
c:\users\administrator\desktop\kernela\kernela\x64\release\kernela.tlog\signtool.command.1.tlog
c:\users\administrator\desktop\kernela\kernela\x64\release\kernela.tlog\signtool.read.1.tlog
c:\users\administrator\desktop\kernela\kernela\x64\release\kernela.tlog\signtool.timestamp.1.tlog
c:\users\administrator\desktop\kernela\kernela\x64\release\kernela.tlog\signtool.write.1.tlog
